[2026-01-11 21:53:37] CREATE PERSONNAGE SUCCESS | id=35 | name=Bowser Jr
[2026-01-11 21:54:47] CREATE ELEMENT SUCCESS | name=FireFlower
[2026-01-11 21:57:43] CREATE ORIGIN SUCCESS | name=Fire Flower
[2026-01-11 21:58:21] DELETE PERSONNAGE SUCCESS | id=33
[2026-01-11 21:58:41] CREATE ORIGIN SUCCESS | name=Kingdom
<<<<<<< HEAD
[2026-01-17 17:39:45] UPDATE PERSONNAGE SUCCESS | id=35 | name=Bowser Junior
[2026-01-18 18:41:49] UPDATE PERSONNAGE SUCCESS | id=35 | name=Bowser Jr
[2026-01-19 19:00:48] CREATE UNITCLASS SUCCESS | name=Koopa
[2026-01-19 19:01:07] UPDATE PERSONNAGE SUCCESS | id=35 | name=Bowser Jr
[2026-01-19 19:01:17] UPDATE PERSONNAGE SUCCESS | id=31 | name=Bowser
[2026-01-19 19:01:43] CREATE PERSONNAGE SUCCESS | id=36 | name=Luigi
[2026-01-19 19:04:10] CREATE PERSONNAGE SUCCESS | id=37 | name=Luigi
[2026-01-19 19:04:37] CREATE PERSONNAGE SUCCESS | id=38 | name=Luigi
[2026-01-19 19:04:40] DELETE PERSONNAGE SUCCESS | id=37
[2026-01-19 19:04:51] UPDATE PERSONNAGE SUCCESS | id=38 | name=Luigi
[2026-01-19 19:05:02] CREATE ORIGIN SUCCESS | name=ug
[2026-01-19 19:11:46] CREATE PERSONNAGE SUCCESS | id=39 | name=Luigi
[2026-01-19 19:11:51] DELETE PERSONNAGE SUCCESS | id=39
[2026-01-19 20:21:38] DELETE PERSONNAGE SUCCESS | id=38
[2026-01-19 21:14:11] CREATE PERSONNAGE SUCCESS | id=40 | name=Luigi
[2026-01-19 21:14:17] DELETE PERSONNAGE SUCCESS | id=40
[2026-01-19 21:14:28] CREATE PERSONNAGE SUCCESS | id=41 | name=Luigi
[2026-01-19 21:14:32] DELETE PERSONNAGE SUCCESS | id=41
[2026-01-19 21:14:45] CREATE PERSONNAGE SUCCESS | id=42 | name=Luigi
[2026-01-19 21:14:47] DELETE PERSONNAGE SUCCESS | id=42
[2026-01-20 08:12:21] DELETE PERSONNAGE SUCCESS | id=36
[2026-01-20 17:20:01] TOGGLE COLLECTION SUCCESS | user=1 perso=35
[2026-01-20 17:20:05] TOGGLE COLLECTION SUCCESS | user=1 perso=35
[2026-01-20 17:21:25] TOGGLE COLLECTION SUCCESS | user=1 perso=35
[2026-01-20 17:21:26] TOGGLE COLLECTION SUCCESS | user=1 perso=32
[2026-01-20 17:21:27] TOGGLE COLLECTION SUCCESS | user=1 perso=31
[2026-01-20 17:22:01] TOGGLE COLLECTION SUCCESS | user=1 perso=31
[2026-01-20 17:22:02] TOGGLE COLLECTION SUCCESS | user=1 perso=32
[2026-01-20 17:22:03] TOGGLE COLLECTION SUCCESS | user=1 perso=35
[2026-01-20 17:53:40] TOGGLE COLLECTION SUCCESS | user=2 perso=32
[2026-01-20 17:54:04] TOGGLE COLLECTION SUCCESS | user=3 perso=30
[2026-01-20 17:54:27] TOGGLE COLLECTION SUCCESS | user=1 perso=31
[2026-01-21 19:48:44] TOGGLE COLLECTION SUCCESS | user=1 perso=43
[2026-01-21 19:53:28] DELETE PERSONNAGE SUCCESS | id=43
[2026-01-21 19:53:31] DELETE PERSONNAGE SUCCESS | id=35
[2026-01-21 19:53:33] DELETE PERSONNAGE SUCCESS | id=32
[2026-01-21 19:53:37] DELETE PERSONNAGE SUCCESS | id=31
[2026-01-21 19:53:39] DELETE PERSONNAGE SUCCESS | id=30
[2026-01-21 19:54:37] CREATE ORIGIN SUCCESS | name=Royaume Champignon
[2026-01-21 19:58:37] CREATE ELEMENT SUCCESS | name=Fleur de feu
[2026-01-21 19:58:46] CREATE ELEMENT SUCCESS | name=Fleur de glace
[2026-01-21 19:59:00] CREATE ELEMENT SUCCESS | name=Super Etoile
[2026-01-21 19:59:13] CREATE ELEMENT SUCCESS | name=Ombrelle de Peach
[2026-01-21 19:59:38] CREATE UNITCLASS SUCCESS | name=Plombier
[2026-01-21 19:59:49] CREATE UNITCLASS SUCCESS | name=Koopa
[2026-01-21 19:59:57] CREATE UNITCLASS SUCCESS | name=Princesse
[2026-01-21 20:30:39] CREATE PERSONNAGE SUCCESS | id=44 | name=Mario
[2026-01-21 20:31:07] CREATE PERSONNAGE SUCCESS | id=45 | name=Bébé Mario
[2026-01-21 20:31:22] CREATE PERSONNAGE SUCCESS | id=46 | name=Luigi
[2026-01-21 20:31:48] CREATE PERSONNAGE SUCCESS | id=47 | name=Bébé Luigi
[2026-01-21 20:32:28] CREATE PERSONNAGE SUCCESS | id=48 | name=Peach
[2026-01-21 20:32:56] CREATE PERSONNAGE SUCCESS | id=49 | name=Bébé Peach
[2026-01-21 20:34:10] CREATE ORIGIN SUCCESS | name=Sarasaland
[2026-01-21 20:37:08] CREATE PERSONNAGE SUCCESS | id=50 | name=Daisy
[2026-01-21 20:38:08] DELETE PERSONNAGE SUCCESS | id=50
[2026-01-21 20:39:09] CREATE PERSONNAGE SUCCESS | id=51 | name=Daisy
[2026-01-21 20:40:22] UPDATE PERSONNAGE SUCCESS | id=51 | name=Daisy
[2026-01-21 20:43:38] UPDATE PERSONNAGE SUCCESS | id=51 | name=Daisy
[2026-01-21 20:43:41] DELETE PERSONNAGE SUCCESS | id=51
[2026-01-21 20:47:05] CREATE PERSONNAGE SUCCESS | id=52 | name=Daisy
[2026-01-21 20:47:24] CREATE PERSONNAGE SUCCESS | id=53 | name=Bébé Daisy
[2026-01-21 20:50:36] CREATE ORIGIN SUCCESS | name=Pays des gratte-ciel
[2026-01-21 20:50:50] UPDATE PERSONNAGE SUCCESS | id=44 | name=Mario
[2026-01-21 20:51:00] UPDATE PERSONNAGE SUCCESS | id=45 | name=Bébé Mario
[2026-01-21 20:51:10] UPDATE PERSONNAGE SUCCESS | id=46 | name=Luigi
[2026-01-21 20:51:16] UPDATE PERSONNAGE SUCCESS | id=47 | name=Bébé Luigi
[2026-01-21 21:27:56] CREATE ELEMENT SUCCESS | name=Tonneau
[2026-01-21 21:28:04] CREATE ELEMENT SUCCESS | name=Super Klaxon
[2026-01-21 21:28:13] CREATE ELEMENT SUCCESS | name=Koopa Mobile
[2026-01-21 21:28:27] CREATE ELEMENT SUCCESS | name=Etoile de puissance
[2026-01-21 21:28:37] CREATE ELEMENT SUCCESS | name=Super feuille
[2026-01-21 21:28:46] CREATE ELEMENT SUCCESS | name=Super Clochette
[2026-01-21 21:28:53] CREATE ELEMENT SUCCESS | name=Etoile Rouge
[2026-01-21 21:29:03] CREATE ELEMENT SUCCESS | name=Piece Etoile
[2026-01-21 21:29:14] CREATE ELEMENT SUCCESS | name=Oeuf de Yoshi
[2026-01-21 21:29:23] CREATE ELEMENT SUCCESS | name=Eclair
[2026-01-21 21:29:35] CREATE ELEMENT SUCCESS | name=Nuage Zap
[2026-01-21 21:29:43] CREATE ELEMENT SUCCESS | name=Nuage de Laikitu
[2026-01-21 21:29:50] CREATE ELEMENT SUCCESS | name=Navet
[2026-01-21 21:30:00] CREATE ELEMENT SUCCESS | name=Mega Champignon
[2026-01-21 21:30:09] CREATE ELEMENT SUCCESS | name=Masque Goomba
[2026-01-21 21:30:21] CREATE ELEMENT SUCCESS | name=Marteau
[2026-01-21 21:30:30] CREATE ELEMENT SUCCESS | name=Larme Daisy
[2026-01-21 21:30:38] CREATE ELEMENT SUCCESS | name=Lance Ventouses
[2026-01-21 21:30:50] CREATE ELEMENT SUCCESS | name=Interrupteur P
[2026-01-21 21:31:03] CREATE ELEMENT SUCCESS | name=Interrupteur
[2026-01-21 21:31:11] CREATE ELEMENT SUCCESS | name=Grand 8
[2026-01-21 21:31:21] CREATE ELEMENT SUCCESS | name=Fleur Piranha
[2026-01-21 21:31:29] CREATE ELEMENT SUCCESS | name=Fleur Nuage
[2026-01-21 21:31:38] CREATE ELEMENT SUCCESS | name=Fleur d'or
[2026-01-21 21:31:52] CREATE ELEMENT SUCCESS | name=Fleur Boomerang
[2026-01-21 21:32:07] CREATE ELEMENT SUCCESS | name=Feuille Invincibilité
[2026-01-21 21:32:25] CREATE ELEMENT SUCCESS | name=Fausse boîte à objet
[2026-01-21 21:32:33] CREATE ELEMENT SUCCESS | name=Balle smash
[2026-01-21 21:32:42] CREATE ELEMENT SUCCESS | name=Drapeau Relais
[2026-01-21 21:32:56] CREATE ELEMENT FAIL | validation failed
[2026-01-21 21:33:06] CREATE ELEMENT SUCCESS | name=Champignon Hélice
[2026-01-21 21:33:13] CREATE ELEMENT SUCCESS | name=Champignon d'or
[2026-01-21 21:33:19] CREATE ELEMENT SUCCESS | name=Champignon
[2026-01-21 21:33:31] CREATE ELEMENT SUCCESS | name=Casquette Wario
[2026-01-21 21:33:41] CREATE ELEMENT SUCCESS | name=Casquette Mario
[2026-01-21 21:33:50] CREATE ELEMENT SUCCESS | name=Casquette Luigi
[2026-01-21 21:34:06] CREATE ELEMENT SUCCESS | name=Carapace à épines
[2026-01-21 21:34:12] CREATE ELEMENT SUCCESS | name=Carapace verte
[2026-01-21 21:34:17] CREATE ELEMENT SUCCESS | name=Carapace rouge
[2026-01-21 21:34:26] CREATE ELEMENT SUCCESS | name=Carapace Bowser
[2026-01-21 21:34:35] CREATE ELEMENT SUCCESS | name=Carapace Bleue
[2026-01-21 21:34:44] CREATE ELEMENT SUCCESS | name=Canon Nuage
[2026-01-21 21:35:07] CREATE ELEMENT SUCCESS | name=Canne à pêche
[2026-01-21 21:35:13] CREATE ELEMENT SUCCESS | name=Brique
[2026-01-21 21:35:22] CREATE ELEMENT SUCCESS | name=Boîte à objet
[2026-01-21 21:35:31] CREATE ELEMENT SUCCESS | name=Boule de glace
[2026-01-21 21:35:37] CREATE ELEMENT SUCCESS | name=Boo
[2026-01-21 21:35:45] CREATE ELEMENT SUCCESS | name=Bloc vide
[2026-01-21 21:35:55] CREATE ELEMENT SUCCESS | name=Bloc guide
[2026-01-21 21:36:04] CREATE ELEMENT SUCCESS | name=Bloc Roulette
[2026-01-21 21:36:14] CREATE ELEMENT SUCCESS | name=Bloc Pow
[2026-01-21 21:36:22] CREATE ELEMENT SUCCESS | name=Bloc Note
[2026-01-21 21:36:37] CREATE ELEMENT SUCCESS | name=Bloc de pièce
[2026-01-21 21:36:46] CREATE ELEMENT SUCCESS | name=Bloc de glace
[2026-01-21 21:37:09] CREATE ELEMENT SUCCESS | name=Bloc d'or
[2026-01-21 21:37:18] CREATE ELEMENT SUCCESS | name=Bloc
[2026-01-21 21:37:26] CREATE ELEMENT SUCCESS | name=Bloc!
[2026-01-21 21:37:35] CREATE ELEMENT SUCCESS | name=Banane
[2026-01-21 21:37:45] CREATE ELEMENT SUCCESS | name=Banane géante
[2026-01-21 21:37:55] CREATE ELEMENT SUCCESS | name=Baguette Etoile
[2026-01-21 21:38:04] CREATE ELEMENT SUCCESS | name=Atout 7
[2026-01-21 21:38:14] CREATE ELEMENT SUCCESS | name=Archicanon
[2026-01-21 21:38:23] CREATE ELEMENT SUCCESS | name=Arayé
[2026-01-21 21:40:59] UPDATE PERSONNAGE SUCCESS | id=44 | name=Mario
[2026-01-21 21:41:50] UPDATE PERSONNAGE SUCCESS | id=46 | name=Luigi
[2026-01-21 21:42:17] UPDATE PERSONNAGE SUCCESS | id=47 | name=Bébé Luigi
[2026-01-21 21:42:29] CREATE ELEMENT SUCCESS | name=Piece Rouge
[2026-01-21 21:43:09] UPDATE PERSONNAGE SUCCESS | id=47 | name=Bébé Luigi
[2026-01-21 21:43:38] UPDATE PERSONNAGE SUCCESS | id=45 | name=Bébé Mario
[2026-01-21 21:44:48] UPDATE PERSONNAGE SUCCESS | id=48 | name=Peach
[2026-01-21 21:45:02] UPDATE PERSONNAGE SUCCESS | id=52 | name=Daisy
[2026-01-21 21:45:18] UPDATE PERSONNAGE SUCCESS | id=53 | name=Bébé Daisy
[2026-01-21 21:47:09] CREATE PERSONNAGE SUCCESS | id=54 | name=Bowser
[2026-01-21 21:47:43] CREATE PERSONNAGE SUCCESS | id=55 | name=Bowser Jr
[2026-01-21 21:49:51] CREATE ELEMENT SUCCESS | name=Etoile Bleue
[2026-01-21 21:50:02] CREATE ELEMENT SUCCESS | name=Etoile Rouge
[2026-01-21 21:50:09] CREATE ELEMENT SUCCESS | name=Etoile Verte
[2026-01-21 21:51:31] CREATE ELEMENT SUCCESS | name=Luma
[2026-01-21 21:52:28] CREATE ORIGIN SUCCESS | name=Super Mario Galaxy
[2026-01-21 21:53:19] CREATE PERSONNAGE SUCCESS | id=56 | name=Harmonie
[2026-01-21 21:54:21] CREATE PERSONNAGE SUCCESS | id=57 | name=Bébé Harmonie
[2026-01-21 22:02:20] CREATE PERSONNAGE SUCCESS | id=58 | name=Bowser en furie
[2026-01-21 22:03:08] CREATE PERSONNAGE SUCCESS | id=59 | name=Bowser Skelet
[2026-01-22 21:20:03] TOGGLE COLLECTION SUCCESS | user=1 perso=55
[2026-01-22 21:20:08] TOGGLE COLLECTION SUCCESS | user=1 perso=56
[2026-01-22 21:20:13] TOGGLE COLLECTION SUCCESS | user=1 perso=44
=======
[2026-01-12 07:09:55] CREATE ORIGIN SUCCESS | name=Mushroom Kingdom
[2026-01-12 07:10:17] CREATE ELEMENT SUCCESS | name=Super Star
[2026-01-12 07:10:34] CREATE UNITCLASS SUCCESS | name=Plumber
[2026-01-12 07:10:52] CREATE PERSONNAGE SUCCESS | id=36 | name=Mario
[2026-01-12 07:12:23] CREATE PERSONNAGE SUCCESS | id=37 | name=Bowser
[2026-01-12 08:01:18] DELETE PERSONNAGE SUCCESS | id=37
[2026-01-12 08:01:48] CREATE ELEMENT SUCCESS | name=Fire Flower
[2026-01-12 08:02:04] CREATE ELEMENT SUCCESS | name=Ice Flower
[2026-01-12 08:02:28] CREATE ELEMENT SUCCESS | name=Peach Umbrella
[2026-01-12 08:16:23] CREATE ELEMENT SUCCESS | name=Peach Umbrella
[2026-01-12 08:29:18] CREATE ELEMENT SUCCESS | name=Peach Umbrella
[2026-01-12 08:29:35] CREATE UNITCLASS SUCCESS | name=Princess
[2026-01-12 08:30:22] CREATE PERSONNAGE SUCCESS | id=38 | name=Harmonie
[2026-01-12 08:50:28] CREATE PERSONNAGE SUCCESS | id=39 | name=Luigi
[2026-01-12 09:27:16] CREATE ORIGIN SUCCESS | name=Yoshi Island
[2026-01-12 09:30:52] CREATE UNITCLASS SUCCESS | name=Kong
[2026-01-12 09:32:20] CREATE ELEMENT SUCCESS | name=Banana DK
[2026-01-12 09:33:49] CREATE ELEMENT SUCCESS | name=Barrel
[2026-01-12 09:34:24] CREATE ELEMENT SUCCESS | name=Banana
[2026-01-12 09:35:13] CREATE PERSONNAGE SUCCESS | id=40 | name=Baby Donkey Kong
[2026-01-12 09:47:54] CREATE ORIGIN SUCCESS | name=Donkey Kong Country
[2026-01-12 09:48:35] CREATE PERSONNAGE SUCCESS | id=41 | name=Donkey Kong
[2026-01-12 09:51:37] CREATE PERSONNAGE SUCCESS | id=42 | name=Peach
[2026-01-12 09:57:02] CREATE PERSONNAGE SUCCESS | id=43 | name=Diddy Kong
[2026-01-12 09:59:45] CREATE PERSONNAGE SUCCESS | id=44 | name=Cranky Kong
[2026-01-12 10:18:01] CREATE ORIGIN SUCCESS | name=Donkey Kong Country 2
[2026-01-12 10:19:20] CREATE ORIGIN SUCCESS | name=Donkey Kong Country 2
[2026-01-12 10:20:41] CREATE ORIGIN SUCCESS | name=Donkey Kong Country 2
[2026-01-12 10:22:08] CREATE PERSONNAGE SUCCESS | id=45 | name=Dixie Kong
[2026-01-12 10:22:36] CREATE PERSONNAGE SUCCESS | id=46 | name=Dixie Kong
[2026-01-12 10:22:42] DELETE PERSONNAGE SUCCESS | id=45
[2026-01-12 10:35:35] CREATE UNITCLASS SUCCESS | name=Koopa
[2026-01-12 10:38:48] CREATE UNITCLASS SUCCESS | name=Koopa
[2026-01-12 10:41:05] CREATE PERSONNAGE SUCCESS | id=47 | name=Bowser
[2026-01-12 12:17:51] CREATE ORIGIN SUCCESS | name=Super Mario Bross
[2026-01-12 12:21:12] CREATE UNITCLASS SUCCESS | name=Projectile
[2026-01-12 12:21:56] CREATE ELEMENT SUCCESS | name=Projectile
[2026-01-12 12:22:28] CREATE PERSONNAGE SUCCESS | id=48 | name=Bill
[2026-01-12 12:26:07] CREATE PERSONNAGE SUCCESS | id=49 | name=Bowser Jr
[2026-01-12 12:29:30] CREATE PERSONNAGE SUCCESS | id=50 | name=Bowser Shadow
[2026-01-12 12:30:09] CREATE PERSONNAGE SUCCESS | id=51 | name=Bowser Skelet
[2026-01-12 12:30:38] CREATE PERSONNAGE SUCCESS | id=52 | name=Fake Bowser
>>>>>>> d069e895e7b001512b0a65d51dca5cc0fa835f95
